Archive member included to satisfy reference by file (symbol)

c:/programdata/chocolatey/lib/gcc-arm-embedded/tools/gcc-arm-none-eabi-10.3-2021.10/bin/../lib/gcc/arm-none-eabi/10.3.1/thumb/v7-m/nofp\libgcc.a(_aeabi_ldivmod.o)
                              C:\Users\lenovo\AppData\Local\Temp\ccVp0wPf.o (__aeabi_ldivmod)
c:/programdata/chocolatey/lib/gcc-arm-embedded/tools/gcc-arm-none-eabi-10.3-2021.10/bin/../lib/gcc/arm-none-eabi/10.3.1/thumb/v7-m/nofp\libgcc.a(_udivmoddi4.o)
                              c:/programdata/chocolatey/lib/gcc-arm-embedded/tools/gcc-arm-none-eabi-10.3-2021.10/bin/../lib/gcc/arm-none-eabi/10.3.1/thumb/v7-m/nofp\libgcc.a(_aeabi_ldivmod.o) (__udivmoddi4)
c:/programdata/chocolatey/lib/gcc-arm-embedded/tools/gcc-arm-none-eabi-10.3-2021.10/bin/../lib/gcc/arm-none-eabi/10.3.1/thumb/v7-m/nofp\libgcc.a(_dvmd_tls.o)
                              c:/programdata/chocolatey/lib/gcc-arm-embedded/tools/gcc-arm-none-eabi-10.3-2021.10/bin/../lib/gcc/arm-none-eabi/10.3.1/thumb/v7-m/nofp\libgcc.a(_aeabi_ldivmod.o) (__aeabi_ldiv0)
c:/programdata/chocolatey/lib/gcc-arm-embedded/tools/gcc-arm-none-eabi-10.3-2021.10/bin/../lib/gcc/arm-none-eabi/10.3.1/../../../../arm-none-eabi/lib/thumb/v7-m/nofp\libc.a(lib_a-exit.o)
                              c:/programdata/chocolatey/lib/gcc-arm-embedded/tools/gcc-arm-none-eabi-10.3-2021.10/bin/../lib/gcc/arm-none-eabi/10.3.1/../../../../arm-none-eabi/lib/thumb/v7-m/nofp/crt0.o (exit)
c:/programdata/chocolatey/lib/gcc-arm-embedded/tools/gcc-arm-none-eabi-10.3-2021.10/bin/../lib/gcc/arm-none-eabi/10.3.1/../../../../arm-none-eabi/lib/thumb/v7-m/nofp\libc.a(lib_a-impure.o)
                              c:/programdata/chocolatey/lib/gcc-arm-embedded/tools/gcc-arm-none-eabi-10.3-2021.10/bin/../lib/gcc/arm-none-eabi/10.3.1/../../../../arm-none-eabi/lib/thumb/v7-m/nofp\libc.a(lib_a-exit.o) (_global_impure_ptr)
c:/programdata/chocolatey/lib/gcc-arm-embedded/tools/gcc-arm-none-eabi-10.3-2021.10/bin/../lib/gcc/arm-none-eabi/10.3.1/../../../../arm-none-eabi/lib/thumb/v7-m/nofp\libc.a(lib_a-init.o)
                              c:/programdata/chocolatey/lib/gcc-arm-embedded/tools/gcc-arm-none-eabi-10.3-2021.10/bin/../lib/gcc/arm-none-eabi/10.3.1/../../../../arm-none-eabi/lib/thumb/v7-m/nofp/crt0.o (__libc_init_array)
c:/programdata/chocolatey/lib/gcc-arm-embedded/tools/gcc-arm-none-eabi-10.3-2021.10/bin/../lib/gcc/arm-none-eabi/10.3.1/../../../../arm-none-eabi/lib/thumb/v7-m/nofp\libc.a(lib_a-memset.o)
                              c:/programdata/chocolatey/lib/gcc-arm-embedded/tools/gcc-arm-none-eabi-10.3-2021.10/bin/../lib/gcc/arm-none-eabi/10.3.1/../../../../arm-none-eabi/lib/thumb/v7-m/nofp/crt0.o (memset)
c:/programdata/chocolatey/lib/gcc-arm-embedded/tools/gcc-arm-none-eabi-10.3-2021.10/bin/../lib/gcc/arm-none-eabi/10.3.1/../../../../arm-none-eabi/lib/thumb/v7-m/nofp\libc.a(lib_a-__call_atexit.o)
                              c:/programdata/chocolatey/lib/gcc-arm-embedded/tools/gcc-arm-none-eabi-10.3-2021.10/bin/../lib/gcc/arm-none-eabi/10.3.1/../../../../arm-none-eabi/lib/thumb/v7-m/nofp\libc.a(lib_a-exit.o) (__call_exitprocs)
c:/programdata/chocolatey/lib/gcc-arm-embedded/tools/gcc-arm-none-eabi-10.3-2021.10/bin/../lib/gcc/arm-none-eabi/10.3.1/../../../../arm-none-eabi/lib/thumb/v7-m/nofp\libc.a(lib_a-atexit.o)
                              c:/programdata/chocolatey/lib/gcc-arm-embedded/tools/gcc-arm-none-eabi-10.3-2021.10/bin/../lib/gcc/arm-none-eabi/10.3.1/../../../../arm-none-eabi/lib/thumb/v7-m/nofp\libc.a(lib_a-__call_atexit.o) (atexit)
c:/programdata/chocolatey/lib/gcc-arm-embedded/tools/gcc-arm-none-eabi-10.3-2021.10/bin/../lib/gcc/arm-none-eabi/10.3.1/../../../../arm-none-eabi/lib/thumb/v7-m/nofp\libc.a(lib_a-fini.o)
                              c:/programdata/chocolatey/lib/gcc-arm-embedded/tools/gcc-arm-none-eabi-10.3-2021.10/bin/../lib/gcc/arm-none-eabi/10.3.1/../../../../arm-none-eabi/lib/thumb/v7-m/nofp\libc.a(lib_a-__call_atexit.o) (__libc_fini_array)
c:/programdata/chocolatey/lib/gcc-arm-embedded/tools/gcc-arm-none-eabi-10.3-2021.10/bin/../lib/gcc/arm-none-eabi/10.3.1/../../../../arm-none-eabi/lib/thumb/v7-m/nofp\libc.a(lib_a-lock.o)
                              c:/programdata/chocolatey/lib/gcc-arm-embedded/tools/gcc-arm-none-eabi-10.3-2021.10/bin/../lib/gcc/arm-none-eabi/10.3.1/../../../../arm-none-eabi/lib/thumb/v7-m/nofp\libc.a(lib_a-__call_atexit.o) (__retarget_lock_acquire_recursive)
c:/programdata/chocolatey/lib/gcc-arm-embedded/tools/gcc-arm-none-eabi-10.3-2021.10/bin/../lib/gcc/arm-none-eabi/10.3.1/../../../../arm-none-eabi/lib/thumb/v7-m/nofp\libc.a(lib_a-__atexit.o)
                              c:/programdata/chocolatey/lib/gcc-arm-embedded/tools/gcc-arm-none-eabi-10.3-2021.10/bin/../lib/gcc/arm-none-eabi/10.3.1/../../../../arm-none-eabi/lib/thumb/v7-m/nofp\libc.a(lib_a-atexit.o) (__register_exitproc)

Discarded input sections

 .text          0x00000000        0x0 c:/programdata/chocolatey/lib/gcc-arm-embedded/tools/gcc-arm-none-eabi-10.3-2021.10/bin/../lib/gcc/arm-none-eabi/10.3.1/thumb/v7-m/nofp/crti.o
 .data          0x00000000        0x0 c:/programdata/chocolatey/lib/gcc-arm-embedded/tools/gcc-arm-none-eabi-10.3-2021.10/bin/../lib/gcc/arm-none-eabi/10.3.1/thumb/v7-m/nofp/crti.o
 .bss           0x00000000        0x0 c:/programdata/chocolatey/lib/gcc-arm-embedded/tools/gcc-arm-none-eabi-10.3-2021.10/bin/../lib/gcc/arm-none-eabi/10.3.1/thumb/v7-m/nofp/crti.o
 .text          0x00000000       0x40 c:/programdata/chocolatey/lib/gcc-arm-embedded/tools/gcc-arm-none-eabi-10.3-2021.10/bin/../lib/gcc/arm-none-eabi/10.3.1/thumb/v7-m/nofp/crtbegin.o
 .data          0x00000000        0x4 c:/programdata/chocolatey/lib/gcc-arm-embedded/tools/gcc-arm-none-eabi-10.3-2021.10/bin/../lib/gcc/arm-none-eabi/10.3.1/thumb/v7-m/nofp/crtbegin.o
 .bss           0x00000000       0x1c c:/programdata/chocolatey/lib/gcc-arm-embedded/tools/gcc-arm-none-eabi-10.3-2021.10/bin/../lib/gcc/arm-none-eabi/10.3.1/thumb/v7-m/nofp/crtbegin.o
 .rodata        0x00000000       0x24 c:/programdata/chocolatey/lib/gcc-arm-embedded/tools/gcc-arm-none-eabi-10.3-2021.10/bin/../lib/gcc/arm-none-eabi/10.3.1/thumb/v7-m/nofp/crtbegin.o
 .init_array    0x00000000        0x4 c:/programdata/chocolatey/lib/gcc-arm-embedded/tools/gcc-arm-none-eabi-10.3-2021.10/bin/../lib/gcc/arm-none-eabi/10.3.1/thumb/v7-m/nofp/crtbegin.o
 .fini_array    0x00000000        0x4 c:/programdata/chocolatey/lib/gcc-arm-embedded/tools/gcc-arm-none-eabi-10.3-2021.10/bin/../lib/gcc/arm-none-eabi/10.3.1/thumb/v7-m/nofp/crtbegin.o
 .eh_frame      0x00000000        0x0 c:/programdata/chocolatey/lib/gcc-arm-embedded/tools/gcc-arm-none-eabi-10.3-2021.10/bin/../lib/gcc/arm-none-eabi/10.3.1/thumb/v7-m/nofp/crtbegin.o
 .ARM.attributes
                0x00000000       0x2d c:/programdata/chocolatey/lib/gcc-arm-embedded/tools/gcc-arm-none-eabi-10.3-2021.10/bin/../lib/gcc/arm-none-eabi/10.3.1/thumb/v7-m/nofp/crtbegin.o
 .text          0x00000000       0x7c c:/programdata/chocolatey/lib/gcc-arm-embedded/tools/gcc-arm-none-eabi-10.3-2021.10/bin/../lib/gcc/arm-none-eabi/10.3.1/../../../../arm-none-eabi/lib/thumb/v7-m/nofp/crt0.o
 .data          0x00000000        0x0 c:/programdata/chocolatey/lib/gcc-arm-embedded/tools/gcc-arm-none-eabi-10.3-2021.10/bin/../lib/gcc/arm-none-eabi/10.3.1/../../../../arm-none-eabi/lib/thumb/v7-m/nofp/crt0.o
 .bss           0x00000000        0x0 c:/programdata/chocolatey/lib/gcc-arm-embedded/tools/gcc-arm-none-eabi-10.3-2021.10/bin/../lib/gcc/arm-none-eabi/10.3.1/../../../../arm-none-eabi/lib/thumb/v7-m/nofp/crt0.o
 .ARM.extab     0x00000000        0x0 c:/programdata/chocolatey/lib/gcc-arm-embedded/tools/gcc-arm-none-eabi-10.3-2021.10/bin/../lib/gcc/arm-none-eabi/10.3.1/../../../../arm-none-eabi/lib/thumb/v7-m/nofp/crt0.o
 .ARM.exidx     0x00000000       0x10 c:/programdata/chocolatey/lib/gcc-arm-embedded/tools/gcc-arm-none-eabi-10.3-2021.10/bin/../lib/gcc/arm-none-eabi/10.3.1/../../../../arm-none-eabi/lib/thumb/v7-m/nofp/crt0.o
 .ARM.attributes
                0x00000000       0x1b c:/programdata/chocolatey/lib/gcc-arm-embedded/tools/gcc-arm-none-eabi-10.3-2021.10/bin/../lib/gcc/arm-none-eabi/10.3.1/../../../../arm-none-eabi/lib/thumb/v7-m/nofp/crt0.o
 .text          0x00000000        0x0 C:\Users\lenovo\AppData\Local\Temp\cc5BWl4i.o
 .data          0x00000000        0x0 C:\Users\lenovo\AppData\Local\Temp\cc5BWl4i.o
 .bss           0x00000000        0x0 C:\Users\lenovo\AppData\Local\Temp\cc5BWl4i.o
 .text          0x00000000        0x0 C:\Users\lenovo\AppData\Local\Temp\ccVp0wPf.o
 .data          0x00000000        0x0 C:\Users\lenovo\AppData\Local\Temp\ccVp0wPf.o
 .bss           0x00000000        0x0 C:\Users\lenovo\AppData\Local\Temp\ccVp0wPf.o
 .data          0x00000000        0x0 c:/programdata/chocolatey/lib/gcc-arm-embedded/tools/gcc-arm-none-eabi-10.3-2021.10/bin/../lib/gcc/arm-none-eabi/10.3.1/thumb/v7-m/nofp\libgcc.a(_aeabi_ldivmod.o)
 .bss           0x00000000        0x0 c:/programdata/chocolatey/lib/gcc-arm-embedded/tools/gcc-arm-none-eabi-10.3-2021.10/bin/../lib/gcc/arm-none-eabi/10.3.1/thumb/v7-m/nofp\libgcc.a(_aeabi_ldivmod.o)
 .data          0x00000000        0x0 c:/programdata/chocolatey/lib/gcc-arm-embedded/tools/gcc-arm-none-eabi-10.3-2021.10/bin/../lib/gcc/arm-none-eabi/10.3.1/thumb/v7-m/nofp\libgcc.a(_udivmoddi4.o)
 .bss           0x00000000        0x0 c:/programdata/chocolatey/lib/gcc-arm-embedded/tools/gcc-arm-none-eabi-10.3-2021.10/bin/../lib/gcc/arm-none-eabi/10.3.1/thumb/v7-m/nofp\libgcc.a(_udivmoddi4.o)
 .ARM.extab     0x00000000        0x0 c:/programdata/chocolatey/lib/gcc-arm-embedded/tools/gcc-arm-none-eabi-10.3-2021.10/bin/../lib/gcc/arm-none-eabi/10.3.1/thumb/v7-m/nofp\libgcc.a(_udivmoddi4.o)
 .data          0x00000000        0x0 c:/programdata/chocolatey/lib/gcc-arm-embedded/tools/gcc-arm-none-eabi-10.3-2021.10/bin/../lib/gcc/arm-none-eabi/10.3.1/thumb/v7-m/nofp\libgcc.a(_dvmd_tls.o)
 .bss           0x00000000        0x0 c:/programdata/chocolatey/lib/gcc-arm-embedded/tools/gcc-arm-none-eabi-10.3-2021.10/bin/../lib/gcc/arm-none-eabi/10.3.1/thumb/v7-m/nofp\libgcc.a(_dvmd_tls.o)
 .text          0x00000000        0x0 c:/programdata/chocolatey/lib/gcc-arm-embedded/tools/gcc-arm-none-eabi-10.3-2021.10/bin/../lib/gcc/arm-none-eabi/10.3.1/../../../../arm-none-eabi/lib/thumb/v7-m/nofp\libc.a(lib_a-exit.o)
 .data          0x00000000        0x0 c:/programdata/chocolatey/lib/gcc-arm-embedded/tools/gcc-arm-none-eabi-10.3-2021.10/bin/../lib/gcc/arm-none-eabi/10.3.1/../../../../arm-none-eabi/lib/thumb/v7-m/nofp\libc.a(lib_a-exit.o)
 .bss           0x00000000        0x0 c:/programdata/chocolatey/lib/gcc-arm-embedded/tools/gcc-arm-none-eabi-10.3-2021.10/bin/../lib/gcc/arm-none-eabi/10.3.1/../../../../arm-none-eabi/lib/thumb/v7-m/nofp\libc.a(lib_a-exit.o)
 .text.exit     0x00000000       0x20 c:/programdata/chocolatey/lib/gcc-arm-embedded/tools/gcc-arm-none-eabi-10.3-2021.10/bin/../lib/gcc/arm-none-eabi/10.3.1/../../../../arm-none-eabi/lib/thumb/v7-m/nofp\libc.a(lib_a-exit.o)
 .debug_frame   0x00000000       0x28 c:/programdata/chocolatey/lib/gcc-arm-embedded/tools/gcc-arm-none-eabi-10.3-2021.10/bin/../lib/gcc/arm-none-eabi/10.3.1/../../../../arm-none-eabi/lib/thumb/v7-m/nofp\libc.a(lib_a-exit.o)
 .ARM.attributes
                0x00000000       0x2d c:/programdata/chocolatey/lib/gcc-arm-embedded/tools/gcc-arm-none-eabi-10.3-2021.10/bin/../lib/gcc/arm-none-eabi/10.3.1/../../../../arm-none-eabi/lib/thumb/v7-m/nofp\libc.a(lib_a-exit.o)
 .text          0x00000000        0x0 c:/programdata/chocolatey/lib/gcc-arm-embedded/tools/gcc-arm-none-eabi-10.3-2021.10/bin/../lib/gcc/arm-none-eabi/10.3.1/../../../../arm-none-eabi/lib/thumb/v7-m/nofp\libc.a(lib_a-impure.o)
 .data          0x00000000        0x0 c:/programdata/chocolatey/lib/gcc-arm-embedded/tools/gcc-arm-none-eabi-10.3-2021.10/bin/../lib/gcc/arm-none-eabi/10.3.1/../../../../arm-none-eabi/lib/thumb/v7-m/nofp\libc.a(lib_a-impure.o)
 .bss           0x00000000        0x0 c:/programdata/chocolatey/lib/gcc-arm-embedded/tools/gcc-arm-none-eabi-10.3-2021.10/bin/../lib/gcc/arm-none-eabi/10.3.1/../../../../arm-none-eabi/lib/thumb/v7-m/nofp\libc.a(lib_a-impure.o)
 .data._impure_ptr
                0x00000000        0x4 c:/programdata/chocolatey/lib/gcc-arm-embedded/tools/gcc-arm-none-eabi-10.3-2021.10/bin/../lib/gcc/arm-none-eabi/10.3.1/../../../../arm-none-eabi/lib/thumb/v7-m/nofp\libc.a(lib_a-impure.o)
 .data.impure_data
                0x00000000      0x428 c:/programdata/chocolatey/lib/gcc-arm-embedded/tools/gcc-arm-none-eabi-10.3-2021.10/bin/../lib/gcc/arm-none-eabi/10.3.1/../../../../arm-none-eabi/lib/thumb/v7-m/nofp\libc.a(lib_a-impure.o)
 .rodata._global_impure_ptr
                0x00000000        0x4 c:/programdata/chocolatey/lib/gcc-arm-embedded/tools/gcc-arm-none-eabi-10.3-2021.10/bin/../lib/gcc/arm-none-eabi/10.3.1/../../../../arm-none-eabi/lib/thumb/v7-m/nofp\libc.a(lib_a-impure.o)
 .ARM.attributes
                0x00000000       0x2d c:/programdata/chocolatey/lib/gcc-arm-embedded/tools/gcc-arm-none-eabi-10.3-2021.10/bin/../lib/gcc/arm-none-eabi/10.3.1/../../../../arm-none-eabi/lib/thumb/v7-m/nofp\libc.a(lib_a-impure.o)
 .text          0x00000000        0x0 c:/programdata/chocolatey/lib/gcc-arm-embedded/tools/gcc-arm-none-eabi-10.3-2021.10/bin/../lib/gcc/arm-none-eabi/10.3.1/../../../../arm-none-eabi/lib/thumb/v7-m/nofp\libc.a(lib_a-init.o)
 .data          0x00000000        0x0 c:/programdata/chocolatey/lib/gcc-arm-embedded/tools/gcc-arm-none-eabi-10.3-2021.10/bin/../lib/gcc/arm-none-eabi/10.3.1/../../../../arm-none-eabi/lib/thumb/v7-m/nofp\libc.a(lib_a-init.o)
 .bss           0x00000000        0x0 c:/programdata/chocolatey/lib/gcc-arm-embedded/tools/gcc-arm-none-eabi-10.3-2021.10/bin/../lib/gcc/arm-none-eabi/10.3.1/../../../../arm-none-eabi/lib/thumb/v7-m/nofp\libc.a(lib_a-init.o)
 .text.__libc_init_array
                0x00000000       0x48 c:/programdata/chocolatey/lib/gcc-arm-embedded/tools/gcc-arm-none-eabi-10.3-2021.10/bin/../lib/gcc/arm-none-eabi/10.3.1/../../../../arm-none-eabi/lib/thumb/v7-m/nofp\libc.a(lib_a-init.o)
 .debug_frame   0x00000000       0x2c c:/programdata/chocolatey/lib/gcc-arm-embedded/tools/gcc-arm-none-eabi-10.3-2021.10/bin/../lib/gcc/arm-none-eabi/10.3.1/../../../../arm-none-eabi/lib/thumb/v7-m/nofp\libc.a(lib_a-init.o)
 .ARM.attributes
                0x00000000       0x2d c:/programdata/chocolatey/lib/gcc-arm-embedded/tools/gcc-arm-none-eabi-10.3-2021.10/bin/../lib/gcc/arm-none-eabi/10.3.1/../../../../arm-none-eabi/lib/thumb/v7-m/nofp\libc.a(lib_a-init.o)
 .text          0x00000000        0x0 c:/programdata/chocolatey/lib/gcc-arm-embedded/tools/gcc-arm-none-eabi-10.3-2021.10/bin/../lib/gcc/arm-none-eabi/10.3.1/../../../../arm-none-eabi/lib/thumb/v7-m/nofp\libc.a(lib_a-memset.o)
 .data          0x00000000        0x0 c:/programdata/chocolatey/lib/gcc-arm-embedded/tools/gcc-arm-none-eabi-10.3-2021.10/bin/../lib/gcc/arm-none-eabi/10.3.1/../../../../arm-none-eabi/lib/thumb/v7-m/nofp\libc.a(lib_a-memset.o)
 .bss           0x00000000        0x0 c:/programdata/chocolatey/lib/gcc-arm-embedded/tools/gcc-arm-none-eabi-10.3-2021.10/bin/../lib/gcc/arm-none-eabi/10.3.1/../../../../arm-none-eabi/lib/thumb/v7-m/nofp\libc.a(lib_a-memset.o)
 .text          0x00000000        0x0 c:/programdata/chocolatey/lib/gcc-arm-embedded/tools/gcc-arm-none-eabi-10.3-2021.10/bin/../lib/gcc/arm-none-eabi/10.3.1/../../../../arm-none-eabi/lib/thumb/v7-m/nofp\libc.a(lib_a-__call_atexit.o)
 .data          0x00000000        0x0 c:/programdata/chocolatey/lib/gcc-arm-embedded/tools/gcc-arm-none-eabi-10.3-2021.10/bin/../lib/gcc/arm-none-eabi/10.3.1/../../../../arm-none-eabi/lib/thumb/v7-m/nofp\libc.a(lib_a-__call_atexit.o)
 .bss           0x00000000        0x0 c:/programdata/chocolatey/lib/gcc-arm-embedded/tools/gcc-arm-none-eabi-10.3-2021.10/bin/../lib/gcc/arm-none-eabi/10.3.1/../../../../arm-none-eabi/lib/thumb/v7-m/nofp\libc.a(lib_a-__call_atexit.o)
 .text.startup.register_fini
                0x00000000       0x14 c:/programdata/chocolatey/lib/gcc-arm-embedded/tools/gcc-arm-none-eabi-10.3-2021.10/bin/../lib/gcc/arm-none-eabi/10.3.1/../../../../arm-none-eabi/lib/thumb/v7-m/nofp\libc.a(lib_a-__call_atexit.o)
 .init_array.00000
                0x00000000        0x4 c:/programdata/chocolatey/lib/gcc-arm-embedded/tools/gcc-arm-none-eabi-10.3-2021.10/bin/../lib/gcc/arm-none-eabi/10.3.1/../../../../arm-none-eabi/lib/thumb/v7-m/nofp\libc.a(lib_a-__call_atexit.o)
 .text.__call_exitprocs
                0x00000000       0xc4 c:/programdata/chocolatey/lib/gcc-arm-embedded/tools/gcc-arm-none-eabi-10.3-2021.10/bin/../lib/gcc/arm-none-eabi/10.3.1/../../../../arm-none-eabi/lib/thumb/v7-m/nofp\libc.a(lib_a-__call_atexit.o)
 .data.__atexit_recursive_mutex
                0x00000000        0x4 c:/programdata/chocolatey/lib/gcc-arm-embedded/tools/gcc-arm-none-eabi-10.3-2021.10/bin/../lib/gcc/arm-none-eabi/10.3.1/../../../../arm-none-eabi/lib/thumb/v7-m/nofp\libc.a(lib_a-__call_atexit.o)
 .debug_frame   0x00000000       0x5c c:/programdata/chocolatey/lib/gcc-arm-embedded/tools/gcc-arm-none-eabi-10.3-2021.10/bin/../lib/gcc/arm-none-eabi/10.3.1/../../../../arm-none-eabi/lib/thumb/v7-m/nofp\libc.a(lib_a-__call_atexit.o)
 .ARM.attributes
                0x00000000       0x2d c:/programdata/chocolatey/lib/gcc-arm-embedded/tools/gcc-arm-none-eabi-10.3-2021.10/bin/../lib/gcc/arm-none-eabi/10.3.1/../../../../arm-none-eabi/lib/thumb/v7-m/nofp\libc.a(lib_a-__call_atexit.o)
 .text          0x00000000        0x0 c:/programdata/chocolatey/lib/gcc-arm-embedded/tools/gcc-arm-none-eabi-10.3-2021.10/bin/../lib/gcc/arm-none-eabi/10.3.1/../../../../arm-none-eabi/lib/thumb/v7-m/nofp\libc.a(lib_a-atexit.o)
 .data          0x00000000        0x0 c:/programdata/chocolatey/lib/gcc-arm-embedded/tools/gcc-arm-none-eabi-10.3-2021.10/bin/../lib/gcc/arm-none-eabi/10.3.1/../../../../arm-none-eabi/lib/thumb/v7-m/nofp\libc.a(lib_a-atexit.o)
 .bss           0x00000000        0x0 c:/programdata/chocolatey/lib/gcc-arm-embedded/tools/gcc-arm-none-eabi-10.3-2021.10/bin/../lib/gcc/arm-none-eabi/10.3.1/../../../../arm-none-eabi/lib/thumb/v7-m/nofp\libc.a(lib_a-atexit.o)
 .text.atexit   0x00000000        0xc c:/programdata/chocolatey/lib/gcc-arm-embedded/tools/gcc-arm-none-eabi-10.3-2021.10/bin/../lib/gcc/arm-none-eabi/10.3.1/../../../../arm-none-eabi/lib/thumb/v7-m/nofp\libc.a(lib_a-atexit.o)
 .debug_frame   0x00000000       0x20 c:/programdata/chocolatey/lib/gcc-arm-embedded/tools/gcc-arm-none-eabi-10.3-2021.10/bin/../lib/gcc/arm-none-eabi/10.3.1/../../../../arm-none-eabi/lib/thumb/v7-m/nofp\libc.a(lib_a-atexit.o)
 .ARM.attributes
                0x00000000       0x2d c:/programdata/chocolatey/lib/gcc-arm-embedded/tools/gcc-arm-none-eabi-10.3-2021.10/bin/../lib/gcc/arm-none-eabi/10.3.1/../../../../arm-none-eabi/lib/thumb/v7-m/nofp\libc.a(lib_a-atexit.o)
 .text          0x00000000        0x0 c:/programdata/chocolatey/lib/gcc-arm-embedded/tools/gcc-arm-none-eabi-10.3-2021.10/bin/../lib/gcc/arm-none-eabi/10.3.1/../../../../arm-none-eabi/lib/thumb/v7-m/nofp\libc.a(lib_a-fini.o)
 .data          0x00000000        0x0 c:/programdata/chocolatey/lib/gcc-arm-embedded/tools/gcc-arm-none-eabi-10.3-2021.10/bin/../lib/gcc/arm-none-eabi/10.3.1/../../../../arm-none-eabi/lib/thumb/v7-m/nofp\libc.a(lib_a-fini.o)
 .bss           0x00000000        0x0 c:/programdata/chocolatey/lib/gcc-arm-embedded/tools/gcc-arm-none-eabi-10.3-2021.10/bin/../lib/gcc/arm-none-eabi/10.3.1/../../../../arm-none-eabi/lib/thumb/v7-m/nofp\libc.a(lib_a-fini.o)
 .text.__libc_fini_array
                0x00000000       0x2c c:/programdata/chocolatey/lib/gcc-arm-embedded/tools/gcc-arm-none-eabi-10.3-2021.10/bin/../lib/gcc/arm-none-eabi/10.3.1/../../../../arm-none-eabi/lib/thumb/v7-m/nofp\libc.a(lib_a-fini.o)
 .debug_frame   0x00000000       0x34 c:/programdata/chocolatey/lib/gcc-arm-embedded/tools/gcc-arm-none-eabi-10.3-2021.10/bin/../lib/gcc/arm-none-eabi/10.3.1/../../../../arm-none-eabi/lib/thumb/v7-m/nofp\libc.a(lib_a-fini.o)
 .ARM.attributes
                0x00000000       0x2d c:/programdata/chocolatey/lib/gcc-arm-embedded/tools/gcc-arm-none-eabi-10.3-2021.10/bin/../lib/gcc/arm-none-eabi/10.3.1/../../../../arm-none-eabi/lib/thumb/v7-m/nofp\libc.a(lib_a-fini.o)
 .text          0x00000000        0x0 c:/programdata/chocolatey/lib/gcc-arm-embedded/tools/gcc-arm-none-eabi-10.3-2021.10/bin/../lib/gcc/arm-none-eabi/10.3.1/../../../../arm-none-eabi/lib/thumb/v7-m/nofp\libc.a(lib_a-lock.o)
 .data          0x00000000        0x0 c:/programdata/chocolatey/lib/gcc-arm-embedded/tools/gcc-arm-none-eabi-10.3-2021.10/bin/../lib/gcc/arm-none-eabi/10.3.1/../../../../arm-none-eabi/lib/thumb/v7-m/nofp\libc.a(lib_a-lock.o)
 .bss           0x00000000        0x0 c:/programdata/chocolatey/lib/gcc-arm-embedded/tools/gcc-arm-none-eabi-10.3-2021.10/bin/../lib/gcc/arm-none-eabi/10.3.1/../../../../arm-none-eabi/lib/thumb/v7-m/nofp\libc.a(lib_a-lock.o)
 .text.__retarget_lock_init
                0x00000000        0x4 c:/programdata/chocolatey/lib/gcc-arm-embedded/tools/gcc-arm-none-eabi-10.3-2021.10/bin/../lib/gcc/arm-none-eabi/10.3.1/../../../../arm-none-eabi/lib/thumb/v7-m/nofp\libc.a(lib_a-lock.o)
 .text.__retarget_lock_init_recursive
                0x00000000        0x4 c:/programdata/chocolatey/lib/gcc-arm-embedded/tools/gcc-arm-none-eabi-10.3-2021.10/bin/../lib/gcc/arm-none-eabi/10.3.1/../../../../arm-none-eabi/lib/thumb/v7-m/nofp\libc.a(lib_a-lock.o)
 .text.__retarget_lock_close
                0x00000000        0x4 c:/programdata/chocolatey/lib/gcc-arm-embedded/tools/gcc-arm-none-eabi-10.3-2021.10/bin/../lib/gcc/arm-none-eabi/10.3.1/../../../../arm-none-eabi/lib/thumb/v7-m/nofp\libc.a(lib_a-lock.o)
 .text.__retarget_lock_close_recursive
                0x00000000        0x4 c:/programdata/chocolatey/lib/gcc-arm-embedded/tools/gcc-arm-none-eabi-10.3-2021.10/bin/../lib/gcc/arm-none-eabi/10.3.1/../../../../arm-none-eabi/lib/thumb/v7-m/nofp\libc.a(lib_a-lock.o)
 .text.__retarget_lock_acquire
                0x00000000        0x4 c:/programdata/chocolatey/lib/gcc-arm-embedded/tools/gcc-arm-none-eabi-10.3-2021.10/bin/../lib/gcc/arm-none-eabi/10.3.1/../../../../arm-none-eabi/lib/thumb/v7-m/nofp\libc.a(lib_a-lock.o)
 .text.__retarget_lock_acquire_recursive
                0x00000000        0x4 c:/programdata/chocolatey/lib/gcc-arm-embedded/tools/gcc-arm-none-eabi-10.3-2021.10/bin/../lib/gcc/arm-none-eabi/10.3.1/../../../../arm-none-eabi/lib/thumb/v7-m/nofp\libc.a(lib_a-lock.o)
 .text.__retarget_lock_try_acquire
                0x00000000        0x4 c:/programdata/chocolatey/lib/gcc-arm-embedded/tools/gcc-arm-none-eabi-10.3-2021.10/bin/../lib/gcc/arm-none-eabi/10.3.1/../../../../arm-none-eabi/lib/thumb/v7-m/nofp\libc.a(lib_a-lock.o)
 .text.__retarget_lock_try_acquire_recursive
                0x00000000        0x4 c:/programdata/chocolatey/lib/gcc-arm-embedded/tools/gcc-arm-none-eabi-10.3-2021.10/bin/../lib/gcc/arm-none-eabi/10.3.1/../../../../arm-none-eabi/lib/thumb/v7-m/nofp\libc.a(lib_a-lock.o)
 .text.__retarget_lock_release
                0x00000000        0x4 c:/programdata/chocolatey/lib/gcc-arm-embedded/tools/gcc-arm-none-eabi-10.3-2021.10/bin/../lib/gcc/arm-none-eabi/10.3.1/../../../../arm-none-eabi/lib/thumb/v7-m/nofp\libc.a(lib_a-lock.o)
 .text.__retarget_lock_release_recursive
                0x00000000        0x4 c:/programdata/chocolatey/lib/gcc-arm-embedded/tools/gcc-arm-none-eabi-10.3-2021.10/bin/../lib/gcc/arm-none-eabi/10.3.1/../../../../arm-none-eabi/lib/thumb/v7-m/nofp\libc.a(lib_a-lock.o)
 .bss.__lock___arc4random_mutex
                0x00000000        0x1 c:/programdata/chocolatey/lib/gcc-arm-embedded/tools/gcc-arm-none-eabi-10.3-2021.10/bin/../lib/gcc/arm-none-eabi/10.3.1/../../../../arm-none-eabi/lib/thumb/v7-m/nofp\libc.a(lib_a-lock.o)
 .bss.__lock___at_quick_exit_mutex
                0x00000000        0x1 c:/programdata/chocolatey/lib/gcc-arm-embedded/tools/gcc-arm-none-eabi-10.3-2021.10/bin/../lib/gcc/arm-none-eabi/10.3.1/../../../../arm-none-eabi/lib/thumb/v7-m/nofp\libc.a(lib_a-lock.o)
 .bss.__lock___atexit_recursive_mutex
                0x00000000        0x1 c:/programdata/chocolatey/lib/gcc-arm-embedded/tools/gcc-arm-none-eabi-10.3-2021.10/bin/../lib/gcc/arm-none-eabi/10.3.1/../../../../arm-none-eabi/lib/thumb/v7-m/nofp\libc.a(lib_a-lock.o)
 .bss.__lock___dd_hash_mutex
                0x00000000        0x1 c:/programdata/chocolatey/lib/gcc-arm-embedded/tools/gcc-arm-none-eabi-10.3-2021.10/bin/../lib/gcc/arm-none-eabi/10.3.1/../../../../arm-none-eabi/lib/thumb/v7-m/nofp\libc.a(lib_a-lock.o)
 .bss.__lock___env_recursive_mutex
                0x00000000        0x1 c:/programdata/chocolatey/lib/gcc-arm-embedded/tools/gcc-arm-none-eabi-10.3-2021.10/bin/../lib/gcc/arm-none-eabi/10.3.1/../../../../arm-none-eabi/lib/thumb/v7-m/nofp\libc.a(lib_a-lock.o)
 .bss.__lock___malloc_recursive_mutex
                0x00000000        0x1 c:/programdata/chocolatey/lib/gcc-arm-embedded/tools/gcc-arm-none-eabi-10.3-2021.10/bin/../lib/gcc/arm-none-eabi/10.3.1/../../../../arm-none-eabi/lib/thumb/v7-m/nofp\libc.a(lib_a-lock.o)
 .bss.__lock___sfp_recursive_mutex
                0x00000000        0x1 c:/programdata/chocolatey/lib/gcc-arm-embedded/tools/gcc-arm-none-eabi-10.3-2021.10/bin/../lib/gcc/arm-none-eabi/10.3.1/../../../../arm-none-eabi/lib/thumb/v7-m/nofp\libc.a(lib_a-lock.o)
 .bss.__lock___sinit_recursive_mutex
                0x00000000        0x1 c:/programdata/chocolatey/lib/gcc-arm-embedded/tools/gcc-arm-none-eabi-10.3-2021.10/bin/../lib/gcc/arm-none-eabi/10.3.1/../../../../arm-none-eabi/lib/thumb/v7-m/nofp\libc.a(lib_a-lock.o)
 .bss.__lock___tz_mutex
                0x00000000        0x1 c:/programdata/chocolatey/lib/gcc-arm-embedded/tools/gcc-arm-none-eabi-10.3-2021.10/bin/../lib/gcc/arm-none-eabi/10.3.1/../../../../arm-none-eabi/lib/thumb/v7-m/nofp\libc.a(lib_a-lock.o)
 .debug_frame   0x00000000       0xb0 c:/programdata/chocolatey/lib/gcc-arm-embedded/tools/gcc-arm-none-eabi-10.3-2021.10/bin/../lib/gcc/arm-none-eabi/10.3.1/../../../../arm-none-eabi/lib/thumb/v7-m/nofp\libc.a(lib_a-lock.o)
 .ARM.attributes
                0x00000000       0x2d c:/programdata/chocolatey/lib/gcc-arm-embedded/tools/gcc-arm-none-eabi-10.3-2021.10/bin/../lib/gcc/arm-none-eabi/10.3.1/../../../../arm-none-eabi/lib/thumb/v7-m/nofp\libc.a(lib_a-lock.o)
 .text          0x00000000        0x0 c:/programdata/chocolatey/lib/gcc-arm-embedded/tools/gcc-arm-none-eabi-10.3-2021.10/bin/../lib/gcc/arm-none-eabi/10.3.1/../../../../arm-none-eabi/lib/thumb/v7-m/nofp\libc.a(lib_a-__atexit.o)
 .data          0x00000000        0x0 c:/programdata/chocolatey/lib/gcc-arm-embedded/tools/gcc-arm-none-eabi-10.3-2021.10/bin/../lib/gcc/arm-none-eabi/10.3.1/../../../../arm-none-eabi/lib/thumb/v7-m/nofp\libc.a(lib_a-__atexit.o)
 .bss           0x00000000        0x0 c:/programdata/chocolatey/lib/gcc-arm-embedded/tools/gcc-arm-none-eabi-10.3-2021.10/bin/../lib/gcc/arm-none-eabi/10.3.1/../../../../arm-none-eabi/lib/thumb/v7-m/nofp\libc.a(lib_a-__atexit.o)
 .text.__register_exitproc
                0x00000000       0x8c c:/programdata/chocolatey/lib/gcc-arm-embedded/tools/gcc-arm-none-eabi-10.3-2021.10/bin/../lib/gcc/arm-none-eabi/10.3.1/../../../../arm-none-eabi/lib/thumb/v7-m/nofp\libc.a(lib_a-__atexit.o)
 .debug_frame   0x00000000       0x34 c:/programdata/chocolatey/lib/gcc-arm-embedded/tools/gcc-arm-none-eabi-10.3-2021.10/bin/../lib/gcc/arm-none-eabi/10.3.1/../../../../arm-none-eabi/lib/thumb/v7-m/nofp\libc.a(lib_a-__atexit.o)
 .ARM.attributes
                0x00000000       0x2d c:/programdata/chocolatey/lib/gcc-arm-embedded/tools/gcc-arm-none-eabi-10.3-2021.10/bin/../lib/gcc/arm-none-eabi/10.3.1/../../../../arm-none-eabi/lib/thumb/v7-m/nofp\libc.a(lib_a-__atexit.o)
 .text          0x00000000        0x0 c:/programdata/chocolatey/lib/gcc-arm-embedded/tools/gcc-arm-none-eabi-10.3-2021.10/bin/../lib/gcc/arm-none-eabi/10.3.1/thumb/v7-m/nofp/crtend.o
 .data          0x00000000        0x0 c:/programdata/chocolatey/lib/gcc-arm-embedded/tools/gcc-arm-none-eabi-10.3-2021.10/bin/../lib/gcc/arm-none-eabi/10.3.1/thumb/v7-m/nofp/crtend.o
 .bss           0x00000000        0x0 c:/programdata/chocolatey/lib/gcc-arm-embedded/tools/gcc-arm-none-eabi-10.3-2021.10/bin/../lib/gcc/arm-none-eabi/10.3.1/thumb/v7-m/nofp/crtend.o
 .rodata        0x00000000       0x24 c:/programdata/chocolatey/lib/gcc-arm-embedded/tools/gcc-arm-none-eabi-10.3-2021.10/bin/../lib/gcc/arm-none-eabi/10.3.1/thumb/v7-m/nofp/crtend.o
 .eh_frame      0x00000000        0x4 c:/programdata/chocolatey/lib/gcc-arm-embedded/tools/gcc-arm-none-eabi-10.3-2021.10/bin/../lib/gcc/arm-none-eabi/10.3.1/thumb/v7-m/nofp/crtend.o
 .ARM.attributes
                0x00000000       0x2d c:/programdata/chocolatey/lib/gcc-arm-embedded/tools/gcc-arm-none-eabi-10.3-2021.10/bin/../lib/gcc/arm-none-eabi/10.3.1/thumb/v7-m/nofp/crtend.o
 .text          0x00000000        0x0 c:/programdata/chocolatey/lib/gcc-arm-embedded/tools/gcc-arm-none-eabi-10.3-2021.10/bin/../lib/gcc/arm-none-eabi/10.3.1/thumb/v7-m/nofp/crtn.o
 .data          0x00000000        0x0 c:/programdata/chocolatey/lib/gcc-arm-embedded/tools/gcc-arm-none-eabi-10.3-2021.10/bin/../lib/gcc/arm-none-eabi/10.3.1/thumb/v7-m/nofp/crtn.o
 .bss           0x00000000        0x0 c:/programdata/chocolatey/lib/gcc-arm-embedded/tools/gcc-arm-none-eabi-10.3-2021.10/bin/../lib/gcc/arm-none-eabi/10.3.1/thumb/v7-m/nofp/crtn.o
 .init          0x00000000        0x8 c:/programdata/chocolatey/lib/gcc-arm-embedded/tools/gcc-arm-none-eabi-10.3-2021.10/bin/../lib/gcc/arm-none-eabi/10.3.1/thumb/v7-m/nofp/crtn.o
 .fini          0x00000000        0x8 c:/programdata/chocolatey/lib/gcc-arm-embedded/tools/gcc-arm-none-eabi-10.3-2021.10/bin/../lib/gcc/arm-none-eabi/10.3.1/thumb/v7-m/nofp/crtn.o
 .ARM.attributes
                0x00000000       0x1d c:/programdata/chocolatey/lib/gcc-arm-embedded/tools/gcc-arm-none-eabi-10.3-2021.10/bin/../lib/gcc/arm-none-eabi/10.3.1/thumb/v7-m/nofp/crtn.o

Memory Configuration

Name             Origin             Length             Attributes
FLASH            0x00000000         0x00040000         xr
RAM              0x20000000         0x00010000         xrw
*default*        0x00000000         0xffffffff

Linker script and memory map

LOAD c:/programdata/chocolatey/lib/gcc-arm-embedded/tools/gcc-arm-none-eabi-10.3-2021.10/bin/../lib/gcc/arm-none-eabi/10.3.1/thumb/v7-m/nofp/crti.o
LOAD c:/programdata/chocolatey/lib/gcc-arm-embedded/tools/gcc-arm-none-eabi-10.3-2021.10/bin/../lib/gcc/arm-none-eabi/10.3.1/thumb/v7-m/nofp/crtbegin.o
LOAD c:/programdata/chocolatey/lib/gcc-arm-embedded/tools/gcc-arm-none-eabi-10.3-2021.10/bin/../lib/gcc/arm-none-eabi/10.3.1/../../../../arm-none-eabi/lib/thumb/v7-m/nofp/crt0.o
LOAD C:\Users\lenovo\AppData\Local\Temp\cc5BWl4i.o
LOAD C:\Users\lenovo\AppData\Local\Temp\ccVp0wPf.o
START GROUP
LOAD c:/programdata/chocolatey/lib/gcc-arm-embedded/tools/gcc-arm-none-eabi-10.3-2021.10/bin/../lib/gcc/arm-none-eabi/10.3.1/thumb/v7-m/nofp\libgcc.a
LOAD c:/programdata/chocolatey/lib/gcc-arm-embedded/tools/gcc-arm-none-eabi-10.3-2021.10/bin/../lib/gcc/arm-none-eabi/10.3.1/../../../../arm-none-eabi/lib/thumb/v7-m/nofp\libc.a
END GROUP
LOAD c:/programdata/chocolatey/lib/gcc-arm-embedded/tools/gcc-arm-none-eabi-10.3-2021.10/bin/../lib/gcc/arm-none-eabi/10.3.1/thumb/v7-m/nofp/crtend.o
LOAD c:/programdata/chocolatey/lib/gcc-arm-embedded/tools/gcc-arm-none-eabi-10.3-2021.10/bin/../lib/gcc/arm-none-eabi/10.3.1/thumb/v7-m/nofp/crtn.o

.text           0x00000000      0xee0
 *(.isr_vector)
 .isr_vector    0x00000000       0x40 C:\Users\lenovo\AppData\Local\Temp\cc5BWl4i.o
                0x00000000                vector_table
 *(.text*)
 .text.Reset_Handler
                0x00000040       0x28 C:\Users\lenovo\AppData\Local\Temp\cc5BWl4i.o
                0x00000040                Reset_Handler
 .text.uart_puts
                0x00000068       0x1c C:\Users\lenovo\AppData\Local\Temp\ccVp0wPf.o
 .text.uart_put_int
                0x00000084       0x88 C:\Users\lenovo\AppData\Local\Temp\ccVp0wPf.o
 *fill*         0x0000010c        0x4 
 .text.uart_put_float.constprop.0
                0x00000110       0x84 C:\Users\lenovo\AppData\Local\Temp\ccVp0wPf.o
 .text.simulate_tflite_micro.isra.0
                0x00000194       0x88 C:\Users\lenovo\AppData\Local\Temp\ccVp0wPf.o
 .text.run_inference_simulation
                0x0000021c      0x2d4 C:\Users\lenovo\AppData\Local\Temp\ccVp0wPf.o
 .text.startup.main
                0x000004f0       0xcc C:\Users\lenovo\AppData\Local\Temp\ccVp0wPf.o
                0x000004f0                main
 .text.HardFault_Handler
                0x000005bc       0x10 C:\Users\lenovo\AppData\Local\Temp\ccVp0wPf.o
                0x000005bc                HardFault_Handler
 .text.Default_Handler
                0x000005cc       0x10 C:\Users\lenovo\AppData\Local\Temp\ccVp0wPf.o
                0x000005cc                Default_Handler
 .text          0x000005dc       0xa0 c:/programdata/chocolatey/lib/gcc-arm-embedded/tools/gcc-arm-none-eabi-10.3-2021.10/bin/../lib/gcc/arm-none-eabi/10.3.1/thumb/v7-m/nofp\libgcc.a(_aeabi_ldivmod.o)
                0x000005dc                __aeabi_ldivmod
 .text          0x0000067c      0x2d4 c:/programdata/chocolatey/lib/gcc-arm-embedded/tools/gcc-arm-none-eabi-10.3-2021.10/bin/../lib/gcc/arm-none-eabi/10.3.1/thumb/v7-m/nofp\libgcc.a(_udivmoddi4.o)
                0x0000067c                __udivmoddi4
 .text          0x00000950        0x4 c:/programdata/chocolatey/lib/gcc-arm-embedded/tools/gcc-arm-none-eabi-10.3-2021.10/bin/../lib/gcc/arm-none-eabi/10.3.1/thumb/v7-m/nofp\libgcc.a(_dvmd_tls.o)
                0x00000950                __aeabi_idiv0
                0x00000950                __aeabi_ldiv0
 .text.memset   0x00000954       0xa4 c:/programdata/chocolatey/lib/gcc-arm-embedded/tools/gcc-arm-none-eabi-10.3-2021.10/bin/../lib/gcc/arm-none-eabi/10.3.1/../../../../arm-none-eabi/lib/thumb/v7-m/nofp\libc.a(lib_a-memset.o)
                0x00000954                memset
 *(.rodata*)
 .rodata.run_inference_simulation.str1.4
                0x000009f8      0x2aa C:\Users\lenovo\AppData\Local\Temp\ccVp0wPf.o
                                0x2ae (size before relaxing)
 *fill*         0x00000ca2        0x2 
 .rodata.main.str1.4
                0x00000ca4      0x1ed C:\Users\lenovo\AppData\Local\Temp\ccVp0wPf.o
 *fill*         0x00000e91        0x3 
 .rodata.HardFault_Handler.str1.4
                0x00000e94       0x20 C:\Users\lenovo\AppData\Local\Temp\ccVp0wPf.o
 .rodata.Default_Handler.str1.4
                0x00000eb4       0x2a C:\Users\lenovo\AppData\Local\Temp\ccVp0wPf.o
                0x00000ee0                . = ALIGN (0x4)
 *fill*         0x00000ede        0x2 
                0x00000ee0                _sidata = .

.glue_7         0x00000ee0        0x0
 .glue_7        0x00000ee0        0x0 linker stubs

.glue_7t        0x00000ee0        0x0
 .glue_7t       0x00000ee0        0x0 linker stubs

.vfp11_veneer   0x00000ee0        0x0
 .vfp11_veneer  0x00000ee0        0x0 linker stubs

.v4_bx          0x00000ee0        0x0
 .v4_bx         0x00000ee0        0x0 linker stubs

.init           0x00000ee0        0x4
 .init          0x00000ee0        0x4 c:/programdata/chocolatey/lib/gcc-arm-embedded/tools/gcc-arm-none-eabi-10.3-2021.10/bin/../lib/gcc/arm-none-eabi/10.3.1/thumb/v7-m/nofp/crti.o
                0x00000ee0                _init

.fini           0x00000ee4        0x4
 .fini          0x00000ee4        0x4 c:/programdata/chocolatey/lib/gcc-arm-embedded/tools/gcc-arm-none-eabi-10.3-2021.10/bin/../lib/gcc/arm-none-eabi/10.3.1/thumb/v7-m/nofp/crti.o
                0x00000ee4                _fini

.iplt           0x00000ee8        0x0
 .iplt          0x00000ee8        0x0 C:\Users\lenovo\AppData\Local\Temp\cc5BWl4i.o

.rel.dyn        0x00000ee8        0x0
 .rel.iplt      0x00000ee8        0x0 C:\Users\lenovo\AppData\Local\Temp\cc5BWl4i.o

.ARM.exidx      0x00000ee8        0x8
 .ARM.exidx     0x00000ee8        0x8 c:/programdata/chocolatey/lib/gcc-arm-embedded/tools/gcc-arm-none-eabi-10.3-2021.10/bin/../lib/gcc/arm-none-eabi/10.3.1/thumb/v7-m/nofp\libgcc.a(_udivmoddi4.o)

.data           0x20000000        0x0 load address 0x00000ef0
                0x20000000                _sdata = .
 *(.data*)
                0x20000000                . = ALIGN (0x4)
                0x20000000                _edata = .

.igot.plt       0x20000000        0x0 load address 0x00000ef0
 .igot.plt      0x20000000        0x0 C:\Users\lenovo\AppData\Local\Temp\cc5BWl4i.o

.bss            0x20000000        0x4 load address 0x00000ef0
                0x20000000                _sbss = .
 *(.bss*)
 .bss.cycle_counter
                0x20000000        0x4 C:\Users\lenovo\AppData\Local\Temp\ccVp0wPf.o
 *(COMMON)
                0x20000004                . = ALIGN (0x4)
                0x20000004                _ebss = .
                0x20010000                _estack = (ORIGIN (RAM) + LENGTH (RAM))
OUTPUT(C:\ESPRIT\aedas\tools\qemu_sim\build\aedas.elf elf32-littlearm)
LOAD linker stubs

.ARM.attributes
                0x00000000       0x29
 .ARM.attributes
                0x00000000       0x1d c:/programdata/chocolatey/lib/gcc-arm-embedded/tools/gcc-arm-none-eabi-10.3-2021.10/bin/../lib/gcc/arm-none-eabi/10.3.1/thumb/v7-m/nofp/crti.o
 .ARM.attributes
                0x0000001d       0x2d C:\Users\lenovo\AppData\Local\Temp\cc5BWl4i.o
 .ARM.attributes
                0x0000004a       0x2d C:\Users\lenovo\AppData\Local\Temp\ccVp0wPf.o
 .ARM.attributes
                0x00000077       0x1d c:/programdata/chocolatey/lib/gcc-arm-embedded/tools/gcc-arm-none-eabi-10.3-2021.10/bin/../lib/gcc/arm-none-eabi/10.3.1/thumb/v7-m/nofp\libgcc.a(_aeabi_ldivmod.o)
 .ARM.attributes
                0x00000094       0x2d c:/programdata/chocolatey/lib/gcc-arm-embedded/tools/gcc-arm-none-eabi-10.3-2021.10/bin/../lib/gcc/arm-none-eabi/10.3.1/thumb/v7-m/nofp\libgcc.a(_udivmoddi4.o)
 .ARM.attributes
                0x000000c1       0x1d c:/programdata/chocolatey/lib/gcc-arm-embedded/tools/gcc-arm-none-eabi-10.3-2021.10/bin/../lib/gcc/arm-none-eabi/10.3.1/thumb/v7-m/nofp\libgcc.a(_dvmd_tls.o)
 .ARM.attributes
                0x000000de       0x2d c:/programdata/chocolatey/lib/gcc-arm-embedded/tools/gcc-arm-none-eabi-10.3-2021.10/bin/../lib/gcc/arm-none-eabi/10.3.1/../../../../arm-none-eabi/lib/thumb/v7-m/nofp\libc.a(lib_a-memset.o)

.comment        0x00000000       0x49
 .comment       0x00000000       0x49 C:\Users\lenovo\AppData\Local\Temp\cc5BWl4i.o
                                 0x4a (size before relaxing)
 .comment       0x00000049       0x4a C:\Users\lenovo\AppData\Local\Temp\ccVp0wPf.o

.debug_frame    0x00000000       0xa4
 .debug_frame   0x00000000       0x44 c:/programdata/chocolatey/lib/gcc-arm-embedded/tools/gcc-arm-none-eabi-10.3-2021.10/bin/../lib/gcc/arm-none-eabi/10.3.1/thumb/v7-m/nofp\libgcc.a(_aeabi_ldivmod.o)
 .debug_frame   0x00000044       0x34 c:/programdata/chocolatey/lib/gcc-arm-embedded/tools/gcc-arm-none-eabi-10.3-2021.10/bin/../lib/gcc/arm-none-eabi/10.3.1/thumb/v7-m/nofp\libgcc.a(_udivmoddi4.o)
 .debug_frame   0x00000078       0x2c c:/programdata/chocolatey/lib/gcc-arm-embedded/tools/gcc-arm-none-eabi-10.3-2021.10/bin/../lib/gcc/arm-none-eabi/10.3.1/../../../../arm-none-eabi/lib/thumb/v7-m/nofp\libc.a(lib_a-memset.o)
